// Vitest Snapshot v1, https://vitest.dev/guide/snapshot.html

exports[`matches with snapshot 1`] = `
{
  "Mappings": {
    "AWSCloudFrontPartitionHostedZoneIdMap": {
      "aws": {
        "zoneId": "Z2FDTNDATAQYW2",
      },
      "aws-cn": {
        "zoneId": "Z3RFFRIM2A3IF5",
      },
    },
  },
  "Parameters": {
    "BootstrapVersion": {
      "Default": "/cdk-bootstrap/hnb659fds/version",
      "Description": "Version of the CDK Bootstrap resources in this environment, automatically retrieved from SSM Parameter Store. [cdk:skip]",
      "Type": "AWS::SSM::Parameter::Value<String>",
    },
  },
  "Resources": {
    "ARecordE7B57761": {
      "Properties": {
        "AliasTarget": {
          "DNSName": {
            "Fn::GetAtt": [
              "Distribution830FAC52",
              "DomainName",
            ],
          },
          "HostedZoneId": {
            "Fn::FindInMap": [
              "AWSCloudFrontPartitionHostedZoneIdMap",
              {
                "Ref": "AWS::Partition",
              },
              "zoneId",
            ],
          },
        },
        "HostedZoneId": "DUMMY",
        "Name": "mellevanderlinde.com.",
        "Type": "A",
      },
      "Type": "AWS::Route53::RecordSet",
    },
    "AaaaRecord61D2056E": {
      "Properties": {
        "AliasTarget": {
          "DNSName": {
            "Fn::GetAtt": [
              "Distribution830FAC52",
              "DomainName",
            ],
          },
          "HostedZoneId": {
            "Fn::FindInMap": [
              "AWSCloudFrontPartitionHostedZoneIdMap",
              {
                "Ref": "AWS::Partition",
              },
              "zoneId",
            ],
          },
        },
        "HostedZoneId": "DUMMY",
        "Name": "mellevanderlinde.com.",
        "Type": "AAAA",
      },
      "Type": "AWS::Route53::RecordSet",
    },
    "Bucket83908E77": {
      "DeletionPolicy": "Delete",
      "Metadata": {
        "cdk_nag": {
          "rules_to_suppress": [
            {
              "id": "AwsSolutions-S1",
              "reason": "Server access logging is not required",
            },
          ],
        },
      },
      "Properties": {
        "BucketName": "mellevanderlinde.com",
        "PublicAccessBlockConfiguration": {
          "BlockPublicAcls": true,
          "BlockPublicPolicy": true,
          "IgnorePublicAcls": true,
          "RestrictPublicBuckets": true,
        },
        "Tags": [
          {
            "Key": "aws-cdk:auto-delete-objects",
            "Value": "true",
          },
          {
            "Key": "aws-cdk:cr-owned:a50fa62f",
            "Value": "true",
          },
        ],
      },
      "Type": "AWS::S3::Bucket",
      "UpdateReplacePolicy": "Delete",
    },
    "BucketAutoDeleteObjectsCustomResourceBAFD23C2": {
      "DeletionPolicy": "Delete",
      "DependsOn": [
        "BucketPolicyE9A3008A",
      ],
      "Properties": {
        "BucketName": {
          "Ref": "Bucket83908E77",
        },
        "ServiceToken": {
          "Fn::GetAtt": [
            "CustomS3AutoDeleteObjectsCustomResourceProviderHandler9D90184F",
            "Arn",
          ],
        },
      },
      "Type": "Custom::S3AutoDeleteObjects",
      "UpdateReplacePolicy": "Delete",
    },
    "BucketDeploymentAwsCliLayerB018DCE1": {
      "Properties": {
        "Content": {
          "S3Bucket": "cdk-hnb659fds-assets-012345678912-us-east-1",
          "S3Key": "removed-hash",
        },
        "Description": "/opt/awscli/aws",
      },
      "Type": "AWS::Lambda::LayerVersion",
    },
    "BucketDeploymentCustomResource2048MiB82BEA142": {
      "DeletionPolicy": "Delete",
      "Properties": {
        "DestinationBucketName": {
          "Ref": "Bucket83908E77",
        },
        "DistributionId": {
          "Ref": "Distribution830FAC52",
        },
        "DistributionPaths": [
          "/*",
        ],
        "OutputObjectKeys": true,
        "Prune": true,
        "ServiceToken": {
          "Fn::GetAtt": [
            "CustomCDKBucketDeployment8693BB64968944B69AAFB0CC9EB8756C2048MiB8AA4A604",
            "Arn",
          ],
        },
        "SourceBucketNames": [
          "cdk-hnb659fds-assets-012345678912-us-east-1",
        ],
        "SourceObjectKeys": [
          "removed-hash",
        ],
      },
      "Type": "Custom::CDKBucketDeployment",
      "UpdateReplacePolicy": "Delete",
    },
    "BucketPolicyE9A3008A": {
      "Properties": {
        "Bucket": {
          "Ref": "Bucket83908E77",
        },
        "PolicyDocument": {
          "Statement": [
            {
              "Action": "s3:*",
              "Condition": {
                "Bool": {
                  "aws:SecureTransport": "false",
                },
              },
              "Effect": "Deny",
              "Principal": {
                "AWS": "*",
              },
              "Resource": [
                {
                  "Fn::GetAtt": [
                    "Bucket83908E77",
                    "Arn",
                  ],
                },
                {
                  "Fn::Join": [
                    "",
                    [
                      {
                        "Fn::GetAtt": [
                          "Bucket83908E77",
                          "Arn",
                        ],
                      },
                      "/*",
                    ],
                  ],
                },
              ],
            },
            {
              "Action": [
                "s3:PutBucketPolicy",
                "s3:GetBucket*",
                "s3:List*",
                "s3:DeleteObject*",
              ],
              "Effect": "Allow",
              "Principal": {
                "AWS": {
                  "Fn::GetAtt": [
                    "CustomS3AutoDeleteObjectsCustomResourceProviderRole3B1BD092",
                    "Arn",
                  ],
                },
              },
              "Resource": [
                {
                  "Fn::GetAtt": [
                    "Bucket83908E77",
                    "Arn",
                  ],
                },
                {
                  "Fn::Join": [
                    "",
                    [
                      {
                        "Fn::GetAtt": [
                          "Bucket83908E77",
                          "Arn",
                        ],
                      },
                      "/*",
                    ],
                  ],
                },
              ],
            },
            {
              "Action": "s3:GetObject",
              "Condition": {
                "StringEquals": {
                  "AWS:SourceArn": {
                    "Fn::Join": [
                      "",
                      [
                        "arn:",
                        {
                          "Ref": "AWS::Partition",
                        },
                        ":cloudfront::",
                        {
                          "Ref": "AWS::AccountId",
                        },
                        ":distribution/",
                        {
                          "Ref": "Distribution830FAC52",
                        },
                      ],
                    ],
                  },
                },
              },
              "Effect": "Allow",
              "Principal": {
                "Service": "cloudfront.amazonaws.com",
              },
              "Resource": {
                "Fn::Join": [
                  "",
                  [
                    {
                      "Fn::GetAtt": [
                        "Bucket83908E77",
                        "Arn",
                      ],
                    },
                    "/*",
                  ],
                ],
              },
            },
          ],
          "Version": "2012-10-17",
        },
      },
      "Type": "AWS::S3::BucketPolicy",
    },
    "Certificate4E7ABB08": {
      "Properties": {
        "DomainName": "mellevanderlinde.com",
        "DomainValidationOptions": [
          {
            "DomainName": "mellevanderlinde.com",
            "HostedZoneId": "DUMMY",
          },
          {
            "DomainName": "www.mellevanderlinde.com",
            "HostedZoneId": "DUMMY",
          },
        ],
        "SubjectAlternativeNames": [
          "www.mellevanderlinde.com",
        ],
        "Tags": [
          {
            "Key": "Name",
            "Value": "mellevanderlinde.com",
          },
        ],
        "ValidationMethod": "DNS",
      },
      "Type": "AWS::CertificateManager::Certificate",
    },
    "CustomCDKBucketDeployment8693BB64968944B69AAFB0CC9EB8756C2048MiB8AA4A604": {
      "DependsOn": [
        "CustomCDKBucketDeployment8693BB64968944B69AAFB0CC9EB8756C2048MiBServiceRoleDefaultPolicy5D765796",
        "CustomCDKBucketDeployment8693BB64968944B69AAFB0CC9EB8756C2048MiBServiceRoleB37F9ACF",
      ],
      "Metadata": {
        "cdk_nag": {
          "rules_to_suppress": [
            {
              "id": "AwsSolutions-L1",
              "reason": "This Lambda is managed by CDK",
            },
          ],
        },
      },
      "Properties": {
        "Code": {
          "S3Bucket": "cdk-hnb659fds-assets-012345678912-us-east-1",
          "S3Key": "removed-hash",
        },
        "Environment": {
          "Variables": {
            "AWS_CA_BUNDLE": "/etc/pki/ca-trust/extracted/pem/tls-ca-bundle.pem",
          },
        },
        "Handler": "index.handler",
        "Layers": [
          {
            "Ref": "BucketDeploymentAwsCliLayerB018DCE1",
          },
        ],
        "LoggingConfig": {
          "LogGroup": {
            "Ref": "LogGroupF5B46931",
          },
        },
        "MemorySize": 2048,
        "Role": {
          "Fn::GetAtt": [
            "CustomCDKBucketDeployment8693BB64968944B69AAFB0CC9EB8756C2048MiBServiceRoleB37F9ACF",
            "Arn",
          ],
        },
        "Runtime": "python3.11",
        "Timeout": 900,
      },
      "Type": "AWS::Lambda::Function",
    },
    "CustomCDKBucketDeployment8693BB64968944B69AAFB0CC9EB8756C2048MiBServiceRoleB37F9ACF": {
      "Metadata": {
        "cdk_nag": {
          "rules_to_suppress": [
            {
              "id": "AwsSolutions-IAM5",
              "reason": "Full S3 access is required",
            },
            {
              "id": "AwsSolutions-IAM4",
              "reason": "Write access to CloudWatch is allowed",
            },
          ],
        },
      },
      "Properties": {
        "AssumeRolePolicyDocument": {
          "Statement": [
            {
              "Action": "sts:AssumeRole",
              "Effect": "Allow",
              "Principal": {
                "Service": "lambda.amazonaws.com",
              },
            },
          ],
          "Version": "2012-10-17",
        },
        "ManagedPolicyArns": [
          {
            "Fn::Join": [
              "",
              [
                "arn:",
                {
                  "Ref": "AWS::Partition",
                },
                ":iam::aws:policy/service-role/AWSLambdaBasicExecutionRole",
              ],
            ],
          },
        ],
      },
      "Type": "AWS::IAM::Role",
    },
    "CustomCDKBucketDeployment8693BB64968944B69AAFB0CC9EB8756C2048MiBServiceRoleDefaultPolicy5D765796": {
      "Metadata": {
        "cdk_nag": {
          "rules_to_suppress": [
            {
              "id": "AwsSolutions-IAM5",
              "reason": "Full S3 access is required",
            },
            {
              "id": "AwsSolutions-IAM4",
              "reason": "Write access to CloudWatch is allowed",
            },
          ],
        },
      },
      "Properties": {
        "PolicyDocument": {
          "Statement": [
            {
              "Action": [
                "s3:GetObject*",
                "s3:GetBucket*",
                "s3:List*",
              ],
              "Effect": "Allow",
              "Resource": [
                {
                  "Fn::Join": [
                    "",
                    [
                      "arn:",
                      {
                        "Ref": "AWS::Partition",
                      },
                      ":s3:::cdk-hnb659fds-assets-012345678912-us-east-1",
                    ],
                  ],
                },
                {
                  "Fn::Join": [
                    "",
                    [
                      "arn:",
                      {
                        "Ref": "AWS::Partition",
                      },
                      ":s3:::cdk-hnb659fds-assets-012345678912-us-east-1/*",
                    ],
                  ],
                },
              ],
            },
            {
              "Action": [
                "s3:GetObject*",
                "s3:GetBucket*",
                "s3:List*",
                "s3:DeleteObject*",
                "s3:PutObject",
                "s3:PutObjectLegalHold",
                "s3:PutObjectRetention",
                "s3:PutObjectTagging",
                "s3:PutObjectVersionTagging",
                "s3:Abort*",
              ],
              "Effect": "Allow",
              "Resource": [
                {
                  "Fn::GetAtt": [
                    "Bucket83908E77",
                    "Arn",
                  ],
                },
                {
                  "Fn::Join": [
                    "",
                    [
                      {
                        "Fn::GetAtt": [
                          "Bucket83908E77",
                          "Arn",
                        ],
                      },
                      "/*",
                    ],
                  ],
                },
              ],
            },
            {
              "Action": [
                "cloudfront:GetInvalidation",
                "cloudfront:CreateInvalidation",
              ],
              "Effect": "Allow",
              "Resource": "*",
            },
          ],
          "Version": "2012-10-17",
        },
        "PolicyName": "CustomCDKBucketDeployment8693BB64968944B69AAFB0CC9EB8756C2048MiBServiceRoleDefaultPolicy5D765796",
        "Roles": [
          {
            "Ref": "CustomCDKBucketDeployment8693BB64968944B69AAFB0CC9EB8756C2048MiBServiceRoleB37F9ACF",
          },
        ],
      },
      "Type": "AWS::IAM::Policy",
    },
    "CustomS3AutoDeleteObjectsCustomResourceProviderHandler9D90184F": {
      "DependsOn": [
        "CustomS3AutoDeleteObjectsCustomResourceProviderRole3B1BD092",
      ],
      "Properties": {
        "Code": {
          "S3Bucket": "cdk-hnb659fds-assets-012345678912-us-east-1",
          "S3Key": "removed-hash",
        },
        "Description": {
          "Fn::Join": [
            "",
            [
              "Lambda function for auto-deleting objects in ",
              {
                "Ref": "Bucket83908E77",
              },
              " S3 bucket.",
            ],
          ],
        },
        "Handler": "index.handler",
        "MemorySize": 128,
        "Role": {
          "Fn::GetAtt": [
            "CustomS3AutoDeleteObjectsCustomResourceProviderRole3B1BD092",
            "Arn",
          ],
        },
        "Runtime": "nodejs20.x",
        "Timeout": 900,
      },
      "Type": "AWS::Lambda::Function",
    },
    "CustomS3AutoDeleteObjectsCustomResourceProviderRole3B1BD092": {
      "Properties": {
        "AssumeRolePolicyDocument": {
          "Statement": [
            {
              "Action": "sts:AssumeRole",
              "Effect": "Allow",
              "Principal": {
                "Service": "lambda.amazonaws.com",
              },
            },
          ],
          "Version": "2012-10-17",
        },
        "ManagedPolicyArns": [
          {
            "Fn::Sub": "arn:\${AWS::Partition}:iam::aws:policy/service-role/AWSLambdaBasicExecutionRole",
          },
        ],
      },
      "Type": "AWS::IAM::Role",
    },
    "Distribution830FAC52": {
      "Metadata": {
        "cdk_nag": {
          "rules_to_suppress": [
            {
              "id": "AwsSolutions-CFR2",
              "reason": "AWS WAF is not required",
            },
            {
              "id": "AwsSolutions-CFR3",
              "reason": "Access logging is not required",
            },
          ],
        },
      },
      "Properties": {
        "DistributionConfig": {
          "Aliases": [
            "mellevanderlinde.com",
            "www.mellevanderlinde.com",
          ],
          "CustomErrorResponses": [
            {
              "ErrorCachingMinTTL": 1800,
              "ErrorCode": 403,
              "ResponseCode": 404,
              "ResponsePagePath": "/404.html",
            },
          ],
          "DefaultCacheBehavior": {
            "CachePolicyId": "658327ea-f89d-4fab-a63d-7e88639e58f6",
            "Compress": true,
            "FunctionAssociations": [
              {
                "EventType": "viewer-request",
                "FunctionARN": {
                  "Fn::GetAtt": [
                    "Function76856677",
                    "FunctionARN",
                  ],
                },
              },
            ],
            "ResponseHeadersPolicyId": "67f7725c-6f97-4210-82d7-5512b31e9d03",
            "TargetOriginId": "PortfolioStackDistributionOrigin13DFF474E",
            "ViewerProtocolPolicy": "redirect-to-https",
          },
          "DefaultRootObject": "index.html",
          "Enabled": true,
          "HttpVersion": "http3",
          "IPV6Enabled": true,
          "Origins": [
            {
              "DomainName": {
                "Fn::GetAtt": [
                  "Bucket83908E77",
                  "RegionalDomainName",
                ],
              },
              "Id": "PortfolioStackDistributionOrigin13DFF474E",
              "OriginAccessControlId": {
                "Fn::GetAtt": [
                  "DistributionOrigin1S3OriginAccessControlEB606076",
                  "Id",
                ],
              },
              "S3OriginConfig": {
                "OriginAccessIdentity": "",
              },
            },
          ],
          "PriceClass": "PriceClass_100",
          "Restrictions": {
            "GeoRestriction": {
              "Locations": [
                "AT",
                "BE",
                "CH",
                "DE",
                "DK",
                "ES",
                "FR",
                "GB",
                "IE",
                "IT",
                "LU",
                "NL",
                "PL",
                "PT",
                "US",
              ],
              "RestrictionType": "whitelist",
            },
          },
          "ViewerCertificate": {
            "AcmCertificateArn": {
              "Ref": "Certificate4E7ABB08",
            },
            "MinimumProtocolVersion": "TLSv1.2_2021",
            "SslSupportMethod": "sni-only",
          },
        },
      },
      "Type": "AWS::CloudFront::Distribution",
    },
    "DistributionOrigin1S3OriginAccessControlEB606076": {
      "Properties": {
        "OriginAccessControlConfig": {
          "Name": "PortfolioStackDistributionOrigin1S3OriginAccessControl63F8F727",
          "OriginAccessControlOriginType": "s3",
          "SigningBehavior": "always",
          "SigningProtocol": "sigv4",
        },
      },
      "Type": "AWS::CloudFront::OriginAccessControl",
    },
    "Function76856677": {
      "Properties": {
        "AutoPublish": true,
        "FunctionCode": ""use strict";
// eslint-disable-next-line unused-imports/no-unused-vars
async function handler(event) {
    const request = event.request;
    const uri = request.uri;
    // Check whether the URI is missing a file name.
    if (uri.endsWith('/')) {
        request.uri += 'index.html';
    }
    // Check whether the URI is missing a file extension.
    else if (!uri.includes('.')) {
        request.uri += '/index.html';
    }
    return request;
}
// See https://docs.aws.amazon.com/AmazonCloudFront/latest/DeveloperGuide/example-function-add-index.html
//# sourceMappingURL=data:application/json;base64,eyJ2ZXJzaW9uIjozLCJmaWxlIjoiaW5kZXguanMiLCJzb3VyY2VSb290IjoiIiwic291cmNlcyI6WyJpbmRleC50cyJdLCJuYW1lcyI6W10sIm1hcHBpbmdzIjoiO0FBUUEseURBQXlEO0FBQ3pELEtBQUssVUFBVSxPQUFPLENBQUMsS0FBWTtJQUNqQyxNQUFNLE9BQU8sR0FBRyxLQUFLLENBQUMsT0FBTyxDQUFBO0lBQzdCLE1BQU0sR0FBRyxHQUFHLE9BQU8sQ0FBQyxHQUFHLENBQUE7SUFFdkIsZ0RBQWdEO0lBQ2hELElBQUksR0FBRyxDQUFDLFFBQVEsQ0FBQyxHQUFHLENBQUMsRUFBRSxDQUFDO1FBQ3RCLE9BQU8sQ0FBQyxHQUFHLElBQUksWUFBWSxDQUFBO0lBQzdCLENBQUM7SUFDRCxxREFBcUQ7U0FDaEQsSUFBSSxDQUFDLEdBQUcsQ0FBQyxRQUFRLENBQUMsR0FBRyxDQUFDLEVBQUUsQ0FBQztRQUM1QixPQUFPLENBQUMsR0FBRyxJQUFJLGFBQWEsQ0FBQTtJQUM5QixDQUFDO0lBRUQsT0FBTyxPQUFPLENBQUE7QUFDaEIsQ0FBQztBQUVELHlHQUF5RyIsInNvdXJjZXNDb250ZW50IjpbImludGVyZmFjZSBSZXF1ZXN0IHtcbiAgdXJpOiBzdHJpbmdcbn1cblxuaW50ZXJmYWNlIEV2ZW50IHtcbiAgcmVxdWVzdDogUmVxdWVzdFxufVxuXG4vLyBlc2xpbnQtZGlzYWJsZS1uZXh0LWxpbmUgdW51c2VkLWltcG9ydHMvbm8tdW51c2VkLXZhcnNcbmFzeW5jIGZ1bmN0aW9uIGhhbmRsZXIoZXZlbnQ6IEV2ZW50KTogUHJvbWlzZTxSZXF1ZXN0PiB7XG4gIGNvbnN0IHJlcXVlc3QgPSBldmVudC5yZXF1ZXN0XG4gIGNvbnN0IHVyaSA9IHJlcXVlc3QudXJpXG5cbiAgLy8gQ2hlY2sgd2hldGhlciB0aGUgVVJJIGlzIG1pc3NpbmcgYSBmaWxlIG5hbWUuXG4gIGlmICh1cmkuZW5kc1dpdGgoJy8nKSkge1xuICAgIHJlcXVlc3QudXJpICs9ICdpbmRleC5odG1sJ1xuICB9XG4gIC8vIENoZWNrIHdoZXRoZXIgdGhlIFVSSSBpcyBtaXNzaW5nIGEgZmlsZSBleHRlbnNpb24uXG4gIGVsc2UgaWYgKCF1cmkuaW5jbHVkZXMoJy4nKSkge1xuICAgIHJlcXVlc3QudXJpICs9ICcvaW5kZXguaHRtbCdcbiAgfVxuXG4gIHJldHVybiByZXF1ZXN0XG59XG5cbi8vIFNlZSBodHRwczovL2RvY3MuYXdzLmFtYXpvbi5jb20vQW1hem9uQ2xvdWRGcm9udC9sYXRlc3QvRGV2ZWxvcGVyR3VpZGUvZXhhbXBsZS1mdW5jdGlvbi1hZGQtaW5kZXguaHRtbFxuIl19",
        "FunctionConfig": {
          "Comment": "Add index.html to URI (required for Next.js)",
          "Runtime": "cloudfront-js-2.0",
        },
        "Name": "mellevanderlinde-com",
      },
      "Type": "AWS::CloudFront::Function",
    },
    "LogGroupF5B46931": {
      "DeletionPolicy": "Retain",
      "Properties": {
        "LogGroupName": "mellevanderlinde.com",
        "RetentionInDays": 1,
      },
      "Type": "AWS::Logs::LogGroup",
      "UpdateReplacePolicy": "Retain",
    },
    "TxtRecordCFF063CA": {
      "Properties": {
        "HostedZoneId": "DUMMY",
        "Name": "mellevanderlinde.com.",
        "ResourceRecords": [
          ""google-site-verification=cdnxZVubxHlWGwUWIl8O3zQA57brfgrjMC-gzOibbEQ"",
        ],
        "TTL": "1800",
        "Type": "TXT",
      },
      "Type": "AWS::Route53::RecordSet",
    },
    "WwwARecord21A54661": {
      "Properties": {
        "AliasTarget": {
          "DNSName": {
            "Fn::GetAtt": [
              "Distribution830FAC52",
              "DomainName",
            ],
          },
          "HostedZoneId": {
            "Fn::FindInMap": [
              "AWSCloudFrontPartitionHostedZoneIdMap",
              {
                "Ref": "AWS::Partition",
              },
              "zoneId",
            ],
          },
        },
        "HostedZoneId": "DUMMY",
        "Name": "www.mellevanderlinde.com.",
        "Type": "A",
      },
      "Type": "AWS::Route53::RecordSet",
    },
    "WwwAaaaRecord7E37C242": {
      "Properties": {
        "AliasTarget": {
          "DNSName": {
            "Fn::GetAtt": [
              "Distribution830FAC52",
              "DomainName",
            ],
          },
          "HostedZoneId": {
            "Fn::FindInMap": [
              "AWSCloudFrontPartitionHostedZoneIdMap",
              {
                "Ref": "AWS::Partition",
              },
              "zoneId",
            ],
          },
        },
        "HostedZoneId": "DUMMY",
        "Name": "www.mellevanderlinde.com.",
        "Type": "AAAA",
      },
      "Type": "AWS::Route53::RecordSet",
    },
  },
  "Rules": {
    "CheckBootstrapVersion": {
      "Assertions": [
        {
          "Assert": {
            "Fn::Not": [
              {
                "Fn::Contains": [
                  [
                    "1",
                    "2",
                    "3",
                    "4",
                    "5",
                  ],
                  {
                    "Ref": "BootstrapVersion",
                  },
                ],
              },
            ],
          },
          "AssertDescription": "CDK bootstrap stack version 6 required. Please run 'cdk bootstrap' with a recent version of the CDK CLI.",
        },
      ],
    },
  },
}
`;
